
> github-chinese@1.13.10 dev
> next dev

▲ Next.js 16.3.5 (Turbopack)
- Local:         http://localhost:3000
- Network:       http://172.25.224.1:3000
✓ Ready in 1265ms
✓ Running next.config.mjs took 63ms

 GET / 200 in 1723ms (next.js: 1384ms, proxy.ts: 16ms, application-code: 323ms)
 GET / 200 in 123ms (next.js: 25ms, proxy.ts: 15ms, application-code: 83ms)
[browser] eval() is not supported in this environment. If this page was served with a `Content-Security-Policy` header, make sure that `unsafe-eval` is included. React requires eval() in development mode for various debugging features like reconstructing callstacks from a different environment.
React will never use eval() in production mode 
 GET /overview 200 in 899ms (next.js: 653ms, proxy.ts: 14ms, application-code: 232ms)
[browser] eval() is not supported in this environment. If this page was served with a `Content-Security-Policy` header, make sure that `unsafe-eval` is included. React requires eval() in development mode for various debugging features like reconstructing callstacks from a different environment.
React will never use eval() in production mode 
 GET /dictionary 200 in 541ms (next.js: 395ms, proxy.ts: 7ms, application-code: 139ms)
[browser] eval() is not supported in this environment. If this page was served with a `Content-Security-Policy` header, make sure that `unsafe-eval` is included. React requires eval() in development mode for various debugging features like reconstructing callstacks from a different environment.
React will never use eval() in production mode 
 GET / 200 in 163ms (next.js: 24ms, proxy.ts: 15ms, application-code: 125ms)
[browser] eval() is not supported in this environment. If this page was served with a `Content-Security-Policy` header, make sure that `unsafe-eval` is included. React requires eval() in development mode for various debugging features like reconstructing callstacks from a different environment.
React will never use eval() in production mode 
 GET /overview 200 in 215ms (next.js: 9ms, proxy.ts: 12ms, application-code: 194ms)
[browser] eval() is not supported in this environment. If this page was served with a `Content-Security-Policy` header, make sure that `unsafe-eval` is included. React requires eval() in development mode for various debugging features like reconstructing callstacks from a different environment.
React will never use eval() in production mode 
 GET /dictionary 200 in 107ms (next.js: 16ms, proxy.ts: 16ms, application-code: 76ms)
[browser] eval() is not supported in this environment. If this page was served with a `Content-Security-Policy` header, make sure that `unsafe-eval` is included. React requires eval() in development mode for various debugging features like reconstructing callstacks from a different environment.
React will never use eval() in production mode 
